// Jest Snapshot v1, https://goo.gl/fbAQLP

exports[`<FormHeader /> renders form header pure component 1`] = `
ShallowWrapper {
  "length": 1,
  Symbol(enzyme.__root__): [Circular],
  Symbol(enzyme.__unrendered__): <FormHeader />,
  Symbol(enzyme.__renderer__): Object {
    "batchedUpdates": [Function],
    "getNode": [Function],
    "render": [Function],
    "simulateEvent": [Function],
    "unmount": [Function],
  },
  Symbol(enzyme.__node__): Object {
    "instance": null,
    "key": undefined,
    "nodeType": "host",
    "props": Object {
      "children": Array [
        <a
          className={undefined}
          onClick={undefined}
>
          <i
                    className="fas fa-arrow-left"
          />
</a>,
        <span />,
        <hr
          className={undefined}
/>,
      ],
      "className": undefined,
    },
    "ref": null,
    "rendered": Array [
      Object {
        "instance": null,
        "key": undefined,
        "nodeType": "host",
        "props": Object {
          "children": <i
            className="fas fa-arrow-left"
/>,
          "className": undefined,
          "onClick": undefined,
        },
        "ref": null,
        "rendered": Object {
          "instance": null,
          "key": undefined,
          "nodeType": "host",
          "props": Object {
            "className": "fas fa-arrow-left",
          },
          "ref": null,
          "rendered": null,
          "type": "i",
        },
        "type": "a",
      },
      Object {
        "instance": null,
        "key": undefined,
        "nodeType": "host",
        "props": Object {
          "children": undefined,
        },
        "ref": null,
        "rendered": null,
        "type": "span",
      },
      Object {
        "instance": null,
        "key": undefined,
        "nodeType": "host",
        "props": Object {
          "className": undefined,
        },
        "ref": null,
        "rendered": null,
        "type": "hr",
      },
    ],
    "type": "div",
  },
  Symbol(enzyme.__nodes__): Array [
    Object {
      "instance": null,
      "key": undefined,
      "nodeType": "host",
      "props": Object {
        "children": Array [
          <a
            className={undefined}
            onClick={undefined}
>
            <i
                        className="fas fa-arrow-left"
            />
</a>,
          <span />,
          <hr
            className={undefined}
/>,
        ],
        "className": undefined,
      },
      "ref": null,
      "rendered": Array [
        Object {
          "instance": null,
          "key": undefined,
          "nodeType": "host",
          "props": Object {
            "children": <i
              className="fas fa-arrow-left"
/>,
            "className": undefined,
            "onClick": undefined,
          },
          "ref": null,
          "rendered": Object {
            "instance": null,
            "key": undefined,
            "nodeType": "host",
            "props": Object {
              "className": "fas fa-arrow-left",
            },
            "ref": null,
            "rendered": null,
            "type": "i",
          },
          "type": "a",
        },
        Object {
          "instance": null,
          "key": undefined,
          "nodeType": "host",
          "props": Object {
            "children": undefined,
          },
          "ref": null,
          "rendered": null,
          "type": "span",
        },
        Object {
          "instance": null,
          "key": undefined,
          "nodeType": "host",
          "props": Object {
            "className": undefined,
          },
          "ref": null,
          "rendered": null,
          "type": "hr",
        },
      ],
      "type": "div",
    },
  ],
  Symbol(enzyme.__options__): Object {
    "adapter": ReactSixteenAdapter {
      "options": Object {
        "enableComponentDidUpdateOnSetState": true,
      },
    },
  },
}
`;
