// Jest Snapshot v1, https://goo.gl/fbAQLP

exports[`<Header /> renders SignIn 1`] = `
ShallowWrapper {
  "length": 1,
  Symbol(enzyme.__root__): [Circular],
  Symbol(enzyme.__unrendered__): <Header />,
  Symbol(enzyme.__renderer__): Object {
    "batchedUpdates": [Function],
    "getNode": [Function],
    "render": [Function],
    "simulateEvent": [Function],
    "unmount": [Function],
  },
  Symbol(enzyme.__node__): Object {
    "instance": null,
    "key": undefined,
    "nodeType": "host",
    "props": Object {
      "children": Array [
        <WithStyles(AppBar)
          title="Travels"
>
          <WithStyles(Toolbar)>
                    <WithStyles(Typography)
                              className={undefined}
                              color="inherit"
                              variant="title"
                    >
                              Travels
                    </WithStyles(Typography)>
                    <WithStyles(Button)
                              color="inherit"
                              onClick={undefined}
                    >
                              Sign Out
                    </WithStyles(Button)>
          </WithStyles(Toolbar)>
</WithStyles(AppBar)>,
        <AuthModal
          handleClose={[Function]}
          open={false}
/>,
      ],
      "className": undefined,
    },
    "ref": null,
    "rendered": Array [
      Object {
        "instance": null,
        "key": undefined,
        "nodeType": "class",
        "props": Object {
          "children": <WithStyles(Toolbar)>
            <WithStyles(Typography)
                        className={undefined}
                        color="inherit"
                        variant="title"
            >
                        Travels
            </WithStyles(Typography)>
            <WithStyles(Button)
                        color="inherit"
                        onClick={undefined}
            >
                        Sign Out
            </WithStyles(Button)>
</WithStyles(Toolbar)>,
          "title": "Travels",
        },
        "ref": null,
        "rendered": Object {
          "instance": null,
          "key": undefined,
          "nodeType": "class",
          "props": Object {
            "children": Array [
              <WithStyles(Typography)
                className={undefined}
                color="inherit"
                variant="title"
>
                Travels
</WithStyles(Typography)>,
              <WithStyles(Button)
                color="inherit"
                onClick={undefined}
>
                Sign Out
</WithStyles(Button)>,
            ],
          },
          "ref": null,
          "rendered": Array [
            Object {
              "instance": null,
              "key": undefined,
              "nodeType": "class",
              "props": Object {
                "children": "Travels",
                "className": undefined,
                "color": "inherit",
                "variant": "title",
              },
              "ref": null,
              "rendered": "Travels",
              "type": [Function],
            },
            Object {
              "instance": null,
              "key": undefined,
              "nodeType": "class",
              "props": Object {
                "children": "Sign Out",
                "color": "inherit",
                "onClick": undefined,
              },
              "ref": null,
              "rendered": "Sign Out",
              "type": [Function],
            },
          ],
          "type": [Function],
        },
        "type": [Function],
      },
      Object {
        "instance": null,
        "key": undefined,
        "nodeType": "class",
        "props": Object {
          "handleClose": [Function],
          "open": false,
        },
        "ref": null,
        "rendered": null,
        "type": [Function],
      },
    ],
    "type": "div",
  },
  Symbol(enzyme.__nodes__): Array [
    Object {
      "instance": null,
      "key": undefined,
      "nodeType": "host",
      "props": Object {
        "children": Array [
          <WithStyles(AppBar)
            title="Travels"
>
            <WithStyles(Toolbar)>
                        <WithStyles(Typography)
                                    className={undefined}
                                    color="inherit"
                                    variant="title"
                        >
                                    Travels
                        </WithStyles(Typography)>
                        <WithStyles(Button)
                                    color="inherit"
                                    onClick={undefined}
                        >
                                    Sign Out
                        </WithStyles(Button)>
            </WithStyles(Toolbar)>
</WithStyles(AppBar)>,
          <AuthModal
            handleClose={[Function]}
            open={false}
/>,
        ],
        "className": undefined,
      },
      "ref": null,
      "rendered": Array [
        Object {
          "instance": null,
          "key": undefined,
          "nodeType": "class",
          "props": Object {
            "children": <WithStyles(Toolbar)>
              <WithStyles(Typography)
                            className={undefined}
                            color="inherit"
                            variant="title"
              >
                            Travels
              </WithStyles(Typography)>
              <WithStyles(Button)
                            color="inherit"
                            onClick={undefined}
              >
                            Sign Out
              </WithStyles(Button)>
</WithStyles(Toolbar)>,
            "title": "Travels",
          },
          "ref": null,
          "rendered": Object {
            "instance": null,
            "key": undefined,
            "nodeType": "class",
            "props": Object {
              "children": Array [
                <WithStyles(Typography)
                  className={undefined}
                  color="inherit"
                  variant="title"
>
                  Travels
</WithStyles(Typography)>,
                <WithStyles(Button)
                  color="inherit"
                  onClick={undefined}
>
                  Sign Out
</WithStyles(Button)>,
              ],
            },
            "ref": null,
            "rendered": Array [
              Object {
                "instance": null,
                "key": undefined,
                "nodeType": "class",
                "props": Object {
                  "children": "Travels",
                  "className": undefined,
                  "color": "inherit",
                  "variant": "title",
                },
                "ref": null,
                "rendered": "Travels",
                "type": [Function],
              },
              Object {
                "instance": null,
                "key": undefined,
                "nodeType": "class",
                "props": Object {
                  "children": "Sign Out",
                  "color": "inherit",
                  "onClick": undefined,
                },
                "ref": null,
                "rendered": "Sign Out",
                "type": [Function],
              },
            ],
            "type": [Function],
          },
          "type": [Function],
        },
        Object {
          "instance": null,
          "key": undefined,
          "nodeType": "class",
          "props": Object {
            "handleClose": [Function],
            "open": false,
          },
          "ref": null,
          "rendered": null,
          "type": [Function],
        },
      ],
      "type": "div",
    },
  ],
  Symbol(enzyme.__options__): Object {
    "adapter": ReactSixteenAdapter {
      "options": Object {
        "enableComponentDidUpdateOnSetState": true,
      },
    },
  },
}
`;
