// Jest Snapshot v1, https://goo.gl/fbAQLP

exports[`renders SignUp 1`] = `
ShallowWrapper {
  "length": 1,
  Symbol(enzyme.__root__): [Circular],
  Symbol(enzyme.__unrendered__): <SignUp
    baseComponent={[Function]}
/>,
  Symbol(enzyme.__renderer__): Object {
    "batchedUpdates": [Function],
    "getNode": [Function],
    "render": [Function],
    "simulateEvent": [Function],
    "unmount": [Function],
  },
  Symbol(enzyme.__node__): Object {
    "instance": null,
    "key": undefined,
    "nodeType": "host",
    "props": Object {
      "children": Array [
        <div
          className={undefined}
>
          <a
                    className={undefined}
                    onClick={[Function]}
          >
                    <i
                              className="fas fa-arrow-left"
                    />
          </a>
          <span>
                    Sign Up
          </span>
</div>,
        <hr
          className={undefined}
/>,
        <form
          className={undefined}
          name="signUpForm"
          onSubmit={[Function]}
          role="form"
>
          <label
                    className={undefined}
          >
                    Email
                    <span
                              className={undefined}
                    >
                              *
                    </span>
          </label>
          <input
                    className={undefined}
                    type="email"
          />
          <label
                    className={undefined}
          >
                    Password
                    <span
                              className={undefined}
                    >
                              *
                    </span>
          </label>
          <input
                    className={undefined}
                    maxLength="16"
                    minLength="8"
                    placeholder="Password"
                    type="password"
          />
          <label
                    className={undefined}
          >
                    Full Name
          </label>
          <input
                    className={undefined}
                    placeholder="First"
                    type="text"
          />
           
          <input
                    className={undefined}
                    placeholder="Last"
                    type="text"
          />
          <div
                    className={undefined}
          >
                    <input
                              className={undefined}
                              type="submit"
                              value="Create Account"
                    />
          </div>
</form>,
      ],
    },
    "ref": null,
    "rendered": Array [
      Object {
        "instance": null,
        "key": undefined,
        "nodeType": "host",
        "props": Object {
          "children": Array [
            <a
              className={undefined}
              onClick={[Function]}
>
              <i
                            className="fas fa-arrow-left"
              />
</a>,
            <span>
              Sign Up
</span>,
          ],
          "className": undefined,
        },
        "ref": null,
        "rendered": Array [
          Object {
            "instance": null,
            "key": undefined,
            "nodeType": "host",
            "props": Object {
              "children": <i
                className="fas fa-arrow-left"
/>,
              "className": undefined,
              "onClick": [Function],
            },
            "ref": null,
            "rendered": Object {
              "instance": null,
              "key": undefined,
              "nodeType": "host",
              "props": Object {
                "className": "fas fa-arrow-left",
              },
              "ref": null,
              "rendered": null,
              "type": "i",
            },
            "type": "a",
          },
          Object {
            "instance": null,
            "key": undefined,
            "nodeType": "host",
            "props": Object {
              "children": "Sign Up",
            },
            "ref": null,
            "rendered": "Sign Up",
            "type": "span",
          },
        ],
        "type": "div",
      },
      Object {
        "instance": null,
        "key": undefined,
        "nodeType": "host",
        "props": Object {
          "className": undefined,
        },
        "ref": null,
        "rendered": null,
        "type": "hr",
      },
      Object {
        "instance": null,
        "key": undefined,
        "nodeType": "host",
        "props": Object {
          "children": Array [
            <label
              className={undefined}
>
              Email
              <span
                            className={undefined}
              >
                            *
              </span>
</label>,
            <input
              className={undefined}
              type="email"
/>,
            <label
              className={undefined}
>
              Password
              <span
                            className={undefined}
              >
                            *
              </span>
</label>,
            <input
              className={undefined}
              maxLength="16"
              minLength="8"
              placeholder="Password"
              type="password"
/>,
            <label
              className={undefined}
>
              Full Name
</label>,
            <input
              className={undefined}
              placeholder="First"
              type="text"
/>,
            " ",
            <input
              className={undefined}
              placeholder="Last"
              type="text"
/>,
            <div
              className={undefined}
>
              <input
                            className={undefined}
                            type="submit"
                            value="Create Account"
              />
</div>,
          ],
          "className": undefined,
          "name": "signUpForm",
          "onSubmit": [Function],
          "role": "form",
        },
        "ref": null,
        "rendered": Array [
          Object {
            "instance": null,
            "key": undefined,
            "nodeType": "host",
            "props": Object {
              "children": Array [
                "Email",
                <span
                  className={undefined}
>
                  *
</span>,
              ],
              "className": undefined,
            },
            "ref": null,
            "rendered": Array [
              "Email",
              Object {
                "instance": null,
                "key": undefined,
                "nodeType": "host",
                "props": Object {
                  "children": "*",
                  "className": undefined,
                },
                "ref": null,
                "rendered": "*",
                "type": "span",
              },
            ],
            "type": "label",
          },
          Object {
            "instance": null,
            "key": undefined,
            "nodeType": "host",
            "props": Object {
              "className": undefined,
              "type": "email",
            },
            "ref": "email",
            "rendered": null,
            "type": "input",
          },
          Object {
            "instance": null,
            "key": undefined,
            "nodeType": "host",
            "props": Object {
              "children": Array [
                "Password",
                <span
                  className={undefined}
>
                  *
</span>,
              ],
              "className": undefined,
            },
            "ref": null,
            "rendered": Array [
              "Password",
              Object {
                "instance": null,
                "key": undefined,
                "nodeType": "host",
                "props": Object {
                  "children": "*",
                  "className": undefined,
                },
                "ref": null,
                "rendered": "*",
                "type": "span",
              },
            ],
            "type": "label",
          },
          Object {
            "instance": null,
            "key": undefined,
            "nodeType": "host",
            "props": Object {
              "className": undefined,
              "maxLength": "16",
              "minLength": "8",
              "placeholder": "Password",
              "type": "password",
            },
            "ref": "password",
            "rendered": null,
            "type": "input",
          },
          Object {
            "instance": null,
            "key": undefined,
            "nodeType": "host",
            "props": Object {
              "children": "Full Name",
              "className": undefined,
            },
            "ref": null,
            "rendered": "Full Name",
            "type": "label",
          },
          Object {
            "instance": null,
            "key": undefined,
            "nodeType": "host",
            "props": Object {
              "className": undefined,
              "placeholder": "First",
              "type": "text",
            },
            "ref": "firstName",
            "rendered": null,
            "type": "input",
          },
          " ",
          Object {
            "instance": null,
            "key": undefined,
            "nodeType": "host",
            "props": Object {
              "className": undefined,
              "placeholder": "Last",
              "type": "text",
            },
            "ref": "lastName",
            "rendered": null,
            "type": "input",
          },
          Object {
            "instance": null,
            "key": undefined,
            "nodeType": "host",
            "props": Object {
              "children": <input
                className={undefined}
                type="submit"
                value="Create Account"
/>,
              "className": undefined,
            },
            "ref": null,
            "rendered": Object {
              "instance": null,
              "key": undefined,
              "nodeType": "host",
              "props": Object {
                "className": undefined,
                "type": "submit",
                "value": "Create Account",
              },
              "ref": null,
              "rendered": null,
              "type": "input",
            },
            "type": "div",
          },
        ],
        "type": "form",
      },
    ],
    "type": "div",
  },
  Symbol(enzyme.__nodes__): Array [
    Object {
      "instance": null,
      "key": undefined,
      "nodeType": "host",
      "props": Object {
        "children": Array [
          <div
            className={undefined}
>
            <a
                        className={undefined}
                        onClick={[Function]}
            >
                        <i
                                    className="fas fa-arrow-left"
                        />
            </a>
            <span>
                        Sign Up
            </span>
</div>,
          <hr
            className={undefined}
/>,
          <form
            className={undefined}
            name="signUpForm"
            onSubmit={[Function]}
            role="form"
>
            <label
                        className={undefined}
            >
                        Email
                        <span
                                    className={undefined}
                        >
                                    *
                        </span>
            </label>
            <input
                        className={undefined}
                        type="email"
            />
            <label
                        className={undefined}
            >
                        Password
                        <span
                                    className={undefined}
                        >
                                    *
                        </span>
            </label>
            <input
                        className={undefined}
                        maxLength="16"
                        minLength="8"
                        placeholder="Password"
                        type="password"
            />
            <label
                        className={undefined}
            >
                        Full Name
            </label>
            <input
                        className={undefined}
                        placeholder="First"
                        type="text"
            />
             
            <input
                        className={undefined}
                        placeholder="Last"
                        type="text"
            />
            <div
                        className={undefined}
            >
                        <input
                                    className={undefined}
                                    type="submit"
                                    value="Create Account"
                        />
            </div>
</form>,
        ],
      },
      "ref": null,
      "rendered": Array [
        Object {
          "instance": null,
          "key": undefined,
          "nodeType": "host",
          "props": Object {
            "children": Array [
              <a
                className={undefined}
                onClick={[Function]}
>
                <i
                                className="fas fa-arrow-left"
                />
</a>,
              <span>
                Sign Up
</span>,
            ],
            "className": undefined,
          },
          "ref": null,
          "rendered": Array [
            Object {
              "instance": null,
              "key": undefined,
              "nodeType": "host",
              "props": Object {
                "children": <i
                  className="fas fa-arrow-left"
/>,
                "className": undefined,
                "onClick": [Function],
              },
              "ref": null,
              "rendered": Object {
                "instance": null,
                "key": undefined,
                "nodeType": "host",
                "props": Object {
                  "className": "fas fa-arrow-left",
                },
                "ref": null,
                "rendered": null,
                "type": "i",
              },
              "type": "a",
            },
            Object {
              "instance": null,
              "key": undefined,
              "nodeType": "host",
              "props": Object {
                "children": "Sign Up",
              },
              "ref": null,
              "rendered": "Sign Up",
              "type": "span",
            },
          ],
          "type": "div",
        },
        Object {
          "instance": null,
          "key": undefined,
          "nodeType": "host",
          "props": Object {
            "className": undefined,
          },
          "ref": null,
          "rendered": null,
          "type": "hr",
        },
        Object {
          "instance": null,
          "key": undefined,
          "nodeType": "host",
          "props": Object {
            "children": Array [
              <label
                className={undefined}
>
                Email
                <span
                                className={undefined}
                >
                                *
                </span>
</label>,
              <input
                className={undefined}
                type="email"
/>,
              <label
                className={undefined}
>
                Password
                <span
                                className={undefined}
                >
                                *
                </span>
</label>,
              <input
                className={undefined}
                maxLength="16"
                minLength="8"
                placeholder="Password"
                type="password"
/>,
              <label
                className={undefined}
>
                Full Name
</label>,
              <input
                className={undefined}
                placeholder="First"
                type="text"
/>,
              " ",
              <input
                className={undefined}
                placeholder="Last"
                type="text"
/>,
              <div
                className={undefined}
>
                <input
                                className={undefined}
                                type="submit"
                                value="Create Account"
                />
</div>,
            ],
            "className": undefined,
            "name": "signUpForm",
            "onSubmit": [Function],
            "role": "form",
          },
          "ref": null,
          "rendered": Array [
            Object {
              "instance": null,
              "key": undefined,
              "nodeType": "host",
              "props": Object {
                "children": Array [
                  "Email",
                  <span
                    className={undefined}
>
                    *
</span>,
                ],
                "className": undefined,
              },
              "ref": null,
              "rendered": Array [
                "Email",
                Object {
                  "instance": null,
                  "key": undefined,
                  "nodeType": "host",
                  "props": Object {
                    "children": "*",
                    "className": undefined,
                  },
                  "ref": null,
                  "rendered": "*",
                  "type": "span",
                },
              ],
              "type": "label",
            },
            Object {
              "instance": null,
              "key": undefined,
              "nodeType": "host",
              "props": Object {
                "className": undefined,
                "type": "email",
              },
              "ref": "email",
              "rendered": null,
              "type": "input",
            },
            Object {
              "instance": null,
              "key": undefined,
              "nodeType": "host",
              "props": Object {
                "children": Array [
                  "Password",
                  <span
                    className={undefined}
>
                    *
</span>,
                ],
                "className": undefined,
              },
              "ref": null,
              "rendered": Array [
                "Password",
                Object {
                  "instance": null,
                  "key": undefined,
                  "nodeType": "host",
                  "props": Object {
                    "children": "*",
                    "className": undefined,
                  },
                  "ref": null,
                  "rendered": "*",
                  "type": "span",
                },
              ],
              "type": "label",
            },
            Object {
              "instance": null,
              "key": undefined,
              "nodeType": "host",
              "props": Object {
                "className": undefined,
                "maxLength": "16",
                "minLength": "8",
                "placeholder": "Password",
                "type": "password",
              },
              "ref": "password",
              "rendered": null,
              "type": "input",
            },
            Object {
              "instance": null,
              "key": undefined,
              "nodeType": "host",
              "props": Object {
                "children": "Full Name",
                "className": undefined,
              },
              "ref": null,
              "rendered": "Full Name",
              "type": "label",
            },
            Object {
              "instance": null,
              "key": undefined,
              "nodeType": "host",
              "props": Object {
                "className": undefined,
                "placeholder": "First",
                "type": "text",
              },
              "ref": "firstName",
              "rendered": null,
              "type": "input",
            },
            " ",
            Object {
              "instance": null,
              "key": undefined,
              "nodeType": "host",
              "props": Object {
                "className": undefined,
                "placeholder": "Last",
                "type": "text",
              },
              "ref": "lastName",
              "rendered": null,
              "type": "input",
            },
            Object {
              "instance": null,
              "key": undefined,
              "nodeType": "host",
              "props": Object {
                "children": <input
                  className={undefined}
                  type="submit"
                  value="Create Account"
/>,
                "className": undefined,
              },
              "ref": null,
              "rendered": Object {
                "instance": null,
                "key": undefined,
                "nodeType": "host",
                "props": Object {
                  "className": undefined,
                  "type": "submit",
                  "value": "Create Account",
                },
                "ref": null,
                "rendered": null,
                "type": "input",
              },
              "type": "div",
            },
          ],
          "type": "form",
        },
      ],
      "type": "div",
    },
  ],
  Symbol(enzyme.__options__): Object {
    "adapter": ReactSixteenAdapter {
      "options": Object {
        "enableComponentDidUpdateOnSetState": true,
      },
    },
  },
}
`;
