// Jest Snapshot v1, https://goo.gl/fbAQLP

exports[`<TextInput /> renders text input pure component 1`] = `
ShallowWrapper {
  "length": 1,
  Symbol(enzyme.__root__): [Circular],
  Symbol(enzyme.__unrendered__): <TextInput />,
  Symbol(enzyme.__renderer__): Object {
    "batchedUpdates": [Function],
    "getNode": [Function],
    "render": [Function],
    "simulateEvent": [Function],
    "unmount": [Function],
  },
  Symbol(enzyme.__node__): Object {
    "instance": null,
    "key": undefined,
    "nodeType": "host",
    "props": Object {
      "children": Array [
        <label
          className={undefined}
>
          
</label>,
        <input
          className={undefined}
          name={undefined}
          onChange={undefined}
          type={undefined}
/>,
        <div
          className={undefined}
>
          <span
                    className="undefined undefined"
          />
</div>,
      ],
    },
    "ref": null,
    "rendered": Array [
      Object {
        "instance": null,
        "key": undefined,
        "nodeType": "host",
        "props": Object {
          "children": Array [
            undefined,
            "",
          ],
          "className": undefined,
        },
        "ref": null,
        "rendered": Array [
          undefined,
          "",
        ],
        "type": "label",
      },
      Object {
        "instance": null,
        "key": undefined,
        "nodeType": "host",
        "props": Object {
          "className": undefined,
          "name": undefined,
          "onChange": undefined,
          "type": undefined,
        },
        "ref": null,
        "rendered": null,
        "type": "input",
      },
      Object {
        "instance": null,
        "key": undefined,
        "nodeType": "host",
        "props": Object {
          "children": <span
            className="undefined undefined"
/>,
          "className": undefined,
        },
        "ref": null,
        "rendered": Object {
          "instance": null,
          "key": undefined,
          "nodeType": "host",
          "props": Object {
            "children": undefined,
            "className": "undefined undefined",
          },
          "ref": null,
          "rendered": null,
          "type": "span",
        },
        "type": "div",
      },
    ],
    "type": "div",
  },
  Symbol(enzyme.__nodes__): Array [
    Object {
      "instance": null,
      "key": undefined,
      "nodeType": "host",
      "props": Object {
        "children": Array [
          <label
            className={undefined}
>
            
</label>,
          <input
            className={undefined}
            name={undefined}
            onChange={undefined}
            type={undefined}
/>,
          <div
            className={undefined}
>
            <span
                        className="undefined undefined"
            />
</div>,
        ],
      },
      "ref": null,
      "rendered": Array [
        Object {
          "instance": null,
          "key": undefined,
          "nodeType": "host",
          "props": Object {
            "children": Array [
              undefined,
              "",
            ],
            "className": undefined,
          },
          "ref": null,
          "rendered": Array [
            undefined,
            "",
          ],
          "type": "label",
        },
        Object {
          "instance": null,
          "key": undefined,
          "nodeType": "host",
          "props": Object {
            "className": undefined,
            "name": undefined,
            "onChange": undefined,
            "type": undefined,
          },
          "ref": null,
          "rendered": null,
          "type": "input",
        },
        Object {
          "instance": null,
          "key": undefined,
          "nodeType": "host",
          "props": Object {
            "children": <span
              className="undefined undefined"
/>,
            "className": undefined,
          },
          "ref": null,
          "rendered": Object {
            "instance": null,
            "key": undefined,
            "nodeType": "host",
            "props": Object {
              "children": undefined,
              "className": "undefined undefined",
            },
            "ref": null,
            "rendered": null,
            "type": "span",
          },
          "type": "div",
        },
      ],
      "type": "div",
    },
  ],
  Symbol(enzyme.__options__): Object {
    "adapter": ReactSixteenAdapter {
      "options": Object {
        "enableComponentDidUpdateOnSetState": true,
      },
    },
  },
}
`;
