// Jest Snapshot v1, https://goo.gl/fbAQLP

exports[`renders LogIn 1`] = `
ShallowWrapper {
  "length": 1,
  Symbol(enzyme.__root__): [Circular],
  Symbol(enzyme.__unrendered__): <LogIn
    onBack={[Function]}
/>,
  Symbol(enzyme.__renderer__): Object {
    "batchedUpdates": [Function],
    "getNode": [Function],
    "render": [Function],
    "simulateEvent": [Function],
    "unmount": [Function],
  },
  Symbol(enzyme.__node__): Object {
    "instance": null,
    "key": undefined,
    "nodeType": "host",
    "props": Object {
      "children": Array [
        <div
          className={undefined}
>
          <a
                    className={undefined}
                    onClick={[Function]}
          >
                    <i
                              className="fas fa-arrow-left"
                    />
          </a>
          <span>
                    Log In
          </span>
</div>,
        <hr
          className={undefined}
/>,
        <form
          className={undefined}
          name="LogInForm"
          noValidate={true}
          onSubmit={[Function]}
>
          <label
                    className={undefined}
          >
                    Email
                    <span
                              className={undefined}
                    >
                              *
                    </span>
          </label>
          <input
                    className={undefined}
                    name="email"
                    onChange={[Function]}
                    type="email"
          />
          <label
                    className={undefined}
          >
                    Password
                    <span
                              className={undefined}
                    >
                              *
                    </span>
          </label>
          <input
                    className={undefined}
                    name="password"
                    onChange={[Function]}
                    placeholder="Password"
                    type="password"
          />
          <div
                    className={undefined}
          >
                    <input
                              className={undefined}
                              type="submit"
                              value="Create Account"
                    />
          </div>
</form>,
      ],
    },
    "ref": null,
    "rendered": Array [
      Object {
        "instance": null,
        "key": undefined,
        "nodeType": "host",
        "props": Object {
          "children": Array [
            <a
              className={undefined}
              onClick={[Function]}
>
              <i
                            className="fas fa-arrow-left"
              />
</a>,
            <span>
              Log In
</span>,
          ],
          "className": undefined,
        },
        "ref": null,
        "rendered": Array [
          Object {
            "instance": null,
            "key": undefined,
            "nodeType": "host",
            "props": Object {
              "children": <i
                className="fas fa-arrow-left"
/>,
              "className": undefined,
              "onClick": [Function],
            },
            "ref": null,
            "rendered": Object {
              "instance": null,
              "key": undefined,
              "nodeType": "host",
              "props": Object {
                "className": "fas fa-arrow-left",
              },
              "ref": null,
              "rendered": null,
              "type": "i",
            },
            "type": "a",
          },
          Object {
            "instance": null,
            "key": undefined,
            "nodeType": "host",
            "props": Object {
              "children": "Log In",
            },
            "ref": null,
            "rendered": "Log In",
            "type": "span",
          },
        ],
        "type": "div",
      },
      Object {
        "instance": null,
        "key": undefined,
        "nodeType": "host",
        "props": Object {
          "className": undefined,
        },
        "ref": null,
        "rendered": null,
        "type": "hr",
      },
      Object {
        "instance": null,
        "key": undefined,
        "nodeType": "host",
        "props": Object {
          "children": Array [
            <label
              className={undefined}
>
              Email
              <span
                            className={undefined}
              >
                            *
              </span>
</label>,
            <input
              className={undefined}
              name="email"
              onChange={[Function]}
              type="email"
/>,
            <label
              className={undefined}
>
              Password
              <span
                            className={undefined}
              >
                            *
              </span>
</label>,
            <input
              className={undefined}
              name="password"
              onChange={[Function]}
              placeholder="Password"
              type="password"
/>,
            <div
              className={undefined}
>
              <input
                            className={undefined}
                            type="submit"
                            value="Create Account"
              />
</div>,
          ],
          "className": undefined,
          "name": "LogInForm",
          "noValidate": true,
          "onSubmit": [Function],
        },
        "ref": null,
        "rendered": Array [
          Object {
            "instance": null,
            "key": undefined,
            "nodeType": "host",
            "props": Object {
              "children": Array [
                "Email",
                <span
                  className={undefined}
>
                  *
</span>,
              ],
              "className": undefined,
            },
            "ref": null,
            "rendered": Array [
              "Email",
              Object {
                "instance": null,
                "key": undefined,
                "nodeType": "host",
                "props": Object {
                  "children": "*",
                  "className": undefined,
                },
                "ref": null,
                "rendered": "*",
                "type": "span",
              },
            ],
            "type": "label",
          },
          Object {
            "instance": null,
            "key": undefined,
            "nodeType": "host",
            "props": Object {
              "className": undefined,
              "name": "email",
              "onChange": [Function],
              "type": "email",
            },
            "ref": null,
            "rendered": null,
            "type": "input",
          },
          Object {
            "instance": null,
            "key": undefined,
            "nodeType": "host",
            "props": Object {
              "children": Array [
                "Password",
                <span
                  className={undefined}
>
                  *
</span>,
              ],
              "className": undefined,
            },
            "ref": null,
            "rendered": Array [
              "Password",
              Object {
                "instance": null,
                "key": undefined,
                "nodeType": "host",
                "props": Object {
                  "children": "*",
                  "className": undefined,
                },
                "ref": null,
                "rendered": "*",
                "type": "span",
              },
            ],
            "type": "label",
          },
          Object {
            "instance": null,
            "key": undefined,
            "nodeType": "host",
            "props": Object {
              "className": undefined,
              "name": "password",
              "onChange": [Function],
              "placeholder": "Password",
              "type": "password",
            },
            "ref": null,
            "rendered": null,
            "type": "input",
          },
          Object {
            "instance": null,
            "key": undefined,
            "nodeType": "host",
            "props": Object {
              "children": <input
                className={undefined}
                type="submit"
                value="Create Account"
/>,
              "className": undefined,
            },
            "ref": null,
            "rendered": Object {
              "instance": null,
              "key": undefined,
              "nodeType": "host",
              "props": Object {
                "className": undefined,
                "type": "submit",
                "value": "Create Account",
              },
              "ref": null,
              "rendered": null,
              "type": "input",
            },
            "type": "div",
          },
        ],
        "type": "form",
      },
    ],
    "type": "div",
  },
  Symbol(enzyme.__nodes__): Array [
    Object {
      "instance": null,
      "key": undefined,
      "nodeType": "host",
      "props": Object {
        "children": Array [
          <div
            className={undefined}
>
            <a
                        className={undefined}
                        onClick={[Function]}
            >
                        <i
                                    className="fas fa-arrow-left"
                        />
            </a>
            <span>
                        Log In
            </span>
</div>,
          <hr
            className={undefined}
/>,
          <form
            className={undefined}
            name="LogInForm"
            noValidate={true}
            onSubmit={[Function]}
>
            <label
                        className={undefined}
            >
                        Email
                        <span
                                    className={undefined}
                        >
                                    *
                        </span>
            </label>
            <input
                        className={undefined}
                        name="email"
                        onChange={[Function]}
                        type="email"
            />
            <label
                        className={undefined}
            >
                        Password
                        <span
                                    className={undefined}
                        >
                                    *
                        </span>
            </label>
            <input
                        className={undefined}
                        name="password"
                        onChange={[Function]}
                        placeholder="Password"
                        type="password"
            />
            <div
                        className={undefined}
            >
                        <input
                                    className={undefined}
                                    type="submit"
                                    value="Create Account"
                        />
            </div>
</form>,
        ],
      },
      "ref": null,
      "rendered": Array [
        Object {
          "instance": null,
          "key": undefined,
          "nodeType": "host",
          "props": Object {
            "children": Array [
              <a
                className={undefined}
                onClick={[Function]}
>
                <i
                                className="fas fa-arrow-left"
                />
</a>,
              <span>
                Log In
</span>,
            ],
            "className": undefined,
          },
          "ref": null,
          "rendered": Array [
            Object {
              "instance": null,
              "key": undefined,
              "nodeType": "host",
              "props": Object {
                "children": <i
                  className="fas fa-arrow-left"
/>,
                "className": undefined,
                "onClick": [Function],
              },
              "ref": null,
              "rendered": Object {
                "instance": null,
                "key": undefined,
                "nodeType": "host",
                "props": Object {
                  "className": "fas fa-arrow-left",
                },
                "ref": null,
                "rendered": null,
                "type": "i",
              },
              "type": "a",
            },
            Object {
              "instance": null,
              "key": undefined,
              "nodeType": "host",
              "props": Object {
                "children": "Log In",
              },
              "ref": null,
              "rendered": "Log In",
              "type": "span",
            },
          ],
          "type": "div",
        },
        Object {
          "instance": null,
          "key": undefined,
          "nodeType": "host",
          "props": Object {
            "className": undefined,
          },
          "ref": null,
          "rendered": null,
          "type": "hr",
        },
        Object {
          "instance": null,
          "key": undefined,
          "nodeType": "host",
          "props": Object {
            "children": Array [
              <label
                className={undefined}
>
                Email
                <span
                                className={undefined}
                >
                                *
                </span>
</label>,
              <input
                className={undefined}
                name="email"
                onChange={[Function]}
                type="email"
/>,
              <label
                className={undefined}
>
                Password
                <span
                                className={undefined}
                >
                                *
                </span>
</label>,
              <input
                className={undefined}
                name="password"
                onChange={[Function]}
                placeholder="Password"
                type="password"
/>,
              <div
                className={undefined}
>
                <input
                                className={undefined}
                                type="submit"
                                value="Create Account"
                />
</div>,
            ],
            "className": undefined,
            "name": "LogInForm",
            "noValidate": true,
            "onSubmit": [Function],
          },
          "ref": null,
          "rendered": Array [
            Object {
              "instance": null,
              "key": undefined,
              "nodeType": "host",
              "props": Object {
                "children": Array [
                  "Email",
                  <span
                    className={undefined}
>
                    *
</span>,
                ],
                "className": undefined,
              },
              "ref": null,
              "rendered": Array [
                "Email",
                Object {
                  "instance": null,
                  "key": undefined,
                  "nodeType": "host",
                  "props": Object {
                    "children": "*",
                    "className": undefined,
                  },
                  "ref": null,
                  "rendered": "*",
                  "type": "span",
                },
              ],
              "type": "label",
            },
            Object {
              "instance": null,
              "key": undefined,
              "nodeType": "host",
              "props": Object {
                "className": undefined,
                "name": "email",
                "onChange": [Function],
                "type": "email",
              },
              "ref": null,
              "rendered": null,
              "type": "input",
            },
            Object {
              "instance": null,
              "key": undefined,
              "nodeType": "host",
              "props": Object {
                "children": Array [
                  "Password",
                  <span
                    className={undefined}
>
                    *
</span>,
                ],
                "className": undefined,
              },
              "ref": null,
              "rendered": Array [
                "Password",
                Object {
                  "instance": null,
                  "key": undefined,
                  "nodeType": "host",
                  "props": Object {
                    "children": "*",
                    "className": undefined,
                  },
                  "ref": null,
                  "rendered": "*",
                  "type": "span",
                },
              ],
              "type": "label",
            },
            Object {
              "instance": null,
              "key": undefined,
              "nodeType": "host",
              "props": Object {
                "className": undefined,
                "name": "password",
                "onChange": [Function],
                "placeholder": "Password",
                "type": "password",
              },
              "ref": null,
              "rendered": null,
              "type": "input",
            },
            Object {
              "instance": null,
              "key": undefined,
              "nodeType": "host",
              "props": Object {
                "children": <input
                  className={undefined}
                  type="submit"
                  value="Create Account"
/>,
                "className": undefined,
              },
              "ref": null,
              "rendered": Object {
                "instance": null,
                "key": undefined,
                "nodeType": "host",
                "props": Object {
                  "className": undefined,
                  "type": "submit",
                  "value": "Create Account",
                },
                "ref": null,
                "rendered": null,
                "type": "input",
              },
              "type": "div",
            },
          ],
          "type": "form",
        },
      ],
      "type": "div",
    },
  ],
  Symbol(enzyme.__options__): Object {
    "adapter": ReactSixteenAdapter {
      "options": Object {
        "enableComponentDidUpdateOnSetState": true,
      },
    },
  },
}
`;
